###############################################################################
#                                                                             #
# IAR C/C++ Compiler V8.10.1.10194/W32 for 8051         14/May/2016  01:05:48 #
# Copyright 2004-2011 IAR Systems AB.                                         #
#                                                                             #
#    Core               =  plain                                              #
#    Code model         =  banked                                             #
#    Data model         =  large                                              #
#    Calling convention =  xdata reentrant                                    #
#    Constant location  =  data_rom                                           #
#    Dptr setup         =  1,16                                               #
#    Source file        =  G:\IAR projects\EndDevice_MQ-2\Projects\zstack\Sam #
#                          ples\SampleApp\Source\SampleApp.c                  #
#    Command line       =  -f "G:\IAR projects\EndDevice_MQ-2\Projects\zstack #
#                          \Samples\SampleApp\CC2530DB\..\..\..\Tools\CC2530D #
#                          B\f8wEndev.cfg" (-DCPU32MHZ -DROOT=__near_func     #
#                          -DMAC_CFG_TX_DATA_MAX=3 -DMAC_CFG_TX_MAX=6         #
#                          -DMAC_CFG_RX_MAX=3) -f "G:\IAR                     #
#                          projects\EndDevice_MQ-2\Projects\zstack\Samples\Sa #
#                          mpleApp\CC2530DB\..\..\..\Tools\CC2530DB\f8wConfig #
#                          .cfg" (-DZIGBEEPRO -DSECURE=0                      #
#                          -DZG_SECURE_DYNAMIC=0 -DREFLECTOR                  #
#                          -DDEFAULT_CHANLIST=0x00000800                      #
#                          -DZDAPP_CONFIG_PAN_ID=0xFF00                       #
#                          -DNWK_START_DELAY=100 -DEXTENDED_JOINING_RANDOM_MA #
#                          SK=0x007F -DBEACON_REQUEST_DELAY=100               #
#                          -DBEACON_REQ_DELAY_MASK=0x00FF                     #
#                          -DLINK_STATUS_JITTER_MASK=0x007F                   #
#                          -DROUTE_EXPIRY_TIME=30 -DAPSC_ACK_WAIT_DURATION_PO #
#                          LLED=3000 -DNWK_INDIRECT_MSG_TIMEOUT=7             #
#                          -DMAX_RREQ_ENTRIES=8 -DAPSC_MAX_FRAME_RETRIES=3    #
#                          -DNWK_MAX_DATA_RETRIES=2                           #
#                          -DMAX_POLL_FAILURE_RETRIES=2 -DMAX_BCAST=9         #
#                          -DAPS_MAX_GROUPS=16 -DMAX_RTG_ENTRIES=40           #
#                          -DNWK_MAX_BINDING_ENTRIES=4                        #
#                          -DMAX_BINDING_CLUSTER_IDS=4 "-DDEFAULT_KEY={0x01,  #
#                          0x03, 0x05, 0x07, 0x09, 0x0B, 0x0D, 0x0F, 0x00,    #
#                          0x02, 0x04, 0x06, 0x08, 0x0A, 0x0C, 0x0D}"         #
#                          -DMAC_MAX_FRAME_SIZE=116                           #
#                          -DZDNWKMGR_MIN_TRANSMISSIONS=20 "-DCONST=const     #
#                          __code" -DGENERIC=__generic                        #
#                          -DRFD_RCVC_ALWAYS_ON=FALSE -DPOLL_RATE=1000        #
#                          -DQUEUED_POLL_RATE=100 -DRESPONSE_POLL_RATE=100)   #
#                          -DREJOIN_POLL_RATE=440 "G:\IAR                     #
#                          projects\EndDevice_MQ-2\Projects\zstack\Samples\Sa #
#                          mpleApp\Source\SampleApp.c" -D NWK_AUTO_POLL -D    #
#                          ZTOOL_P1 -D xMT_TASK -D xMT_SYS_FUNC -D            #
#                          xMT_ZDO_FUNC -D LCD_SUPPORTED=DEBUG -lC "G:\IAR    #
#                          projects\EndDevice_MQ-2\Projects\zstack\Samples\Sa #
#                          mpleApp\CC2530DB\EndDeviceEB\List\" -lA "G:\IAR    #
#                          projects\EndDevice_MQ-2\Projects\zstack\Samples\Sa #
#                          mpleApp\CC2530DB\EndDeviceEB\List\"                #
#                          --diag_suppress Pe001,Pa010 -o "G:\IAR             #
#                          projects\EndDevice_MQ-2\Projects\zstack\Samples\Sa #
#                          mpleApp\CC2530DB\EndDeviceEB\Obj\" -e              #
#                          --no_code_motion --debug --core=plain --dptr=16,1  #
#                          --data_model=large --code_model=banked             #
#                          --calling_convention=xdata_reentrant               #
#                          --place_constants=data_rom --nr_virtual_regs 16    #
#                          -I "G:\IAR projects\EndDevice_MQ-2\Projects\zstack #
#                          \Samples\SampleApp\CC2530DB\" -I "G:\IAR           #
#                          projects\EndDevice_MQ-2\Projects\zstack\Samples\Sa #
#                          mpleApp\CC2530DB\..\Source\" -I "G:\IAR            #
#                          projects\EndDevice_MQ-2\Projects\zstack\Samples\Sa #
#                          mpleApp\CC2530DB\..\..\..\ZMain\TI2530DB\" -I      #
#                          "G:\IAR projects\EndDevice_MQ-2\Projects\zstack\Sa #
#                          mples\SampleApp\CC2530DB\..\..\..\..\..\Components #
#                          \hal\include\" -I "G:\IAR                          #
#                          projects\EndDevice_MQ-2\Projects\zstack\Samples\Sa #
#                          mpleApp\CC2530DB\..\..\..\..\..\Components\hal\tar #
#                          get\CC2530EB\" -I "G:\IAR                          #
#                          projects\EndDevice_MQ-2\Projects\zstack\Samples\Sa #
#                          mpleApp\CC2530DB\..\..\..\..\..\Components\mac\inc #
#                          lude\" -I "G:\IAR projects\EndDevice_MQ-2\Projects #
#                          \zstack\Samples\SampleApp\CC2530DB\..\..\..\..\..\ #
#                          Components\mac\high_level\" -I "G:\IAR             #
#                          projects\EndDevice_MQ-2\Projects\zstack\Samples\Sa #
#                          mpleApp\CC2530DB\..\..\..\..\..\Components\mac\low #
#                          _level\srf04\" -I "G:\IAR                          #
#                          projects\EndDevice_MQ-2\Projects\zstack\Samples\Sa #
#                          mpleApp\CC2530DB\..\..\..\..\..\Components\mac\low #
#                          _level\srf04\single_chip\" -I "G:\IAR              #
#                          projects\EndDevice_MQ-2\Projects\zstack\Samples\Sa #
#                          mpleApp\CC2530DB\..\..\..\..\..\Components\mt\"    #
#                          -I "G:\IAR projects\EndDevice_MQ-2\Projects\zstack #
#                          \Samples\SampleApp\CC2530DB\..\..\..\..\..\Compone #
#                          nts\osal\include\" -I "G:\IAR                      #
#                          projects\EndDevice_MQ-2\Projects\zstack\Samples\Sa #
#                          mpleApp\CC2530DB\..\..\..\..\..\Components\service #
#                          s\saddr\" -I "G:\IAR projects\EndDevice_MQ-2\Proje #
#                          cts\zstack\Samples\SampleApp\CC2530DB\..\..\..\..\ #
#                          ..\Components\services\sdata\" -I "G:\IAR          #
#                          projects\EndDevice_MQ-2\Projects\zstack\Samples\Sa #
#                          mpleApp\CC2530DB\..\..\..\..\..\Components\stack\a #
#                          f\" -I "G:\IAR projects\EndDevice_MQ-2\Projects\zs #
#                          tack\Samples\SampleApp\CC2530DB\..\..\..\..\..\Com #
#                          ponents\stack\nwk\" -I "G:\IAR                     #
#                          projects\EndDevice_MQ-2\Projects\zstack\Samples\Sa #
#                          mpleApp\CC2530DB\..\..\..\..\..\Components\stack\s #
#                          api\" -I "G:\IAR projects\EndDevice_MQ-2\Projects\ #
#                          zstack\Samples\SampleApp\CC2530DB\..\..\..\..\..\C #
#                          omponents\stack\sec\" -I "G:\IAR                   #
#                          projects\EndDevice_MQ-2\Projects\zstack\Samples\Sa #
#                          mpleApp\CC2530DB\..\..\..\..\..\Components\stack\s #
#                          ys\" -I "G:\IAR projects\EndDevice_MQ-2\Projects\z #
#                          stack\Samples\SampleApp\CC2530DB\..\..\..\..\..\Co #
#                          mponents\stack\zdo\" -I "G:\IAR                    #
#                          projects\EndDevice_MQ-2\Projects\zstack\Samples\Sa #
#                          mpleApp\CC2530DB\..\..\..\..\..\Components\zmac\"  #
#                          -I "G:\IAR projects\EndDevice_MQ-2\Projects\zstack #
#                          \Samples\SampleApp\CC2530DB\..\..\..\..\..\Compone #
#                          nts\zmac\f8w\" -Ohz --require_prototypes           #
#    List file          =  G:\IAR projects\EndDevice_MQ-2\Projects\zstack\Sam #
#                          ples\SampleApp\CC2530DB\EndDeviceEB\List\SampleApp #
#                          .lst                                               #
#    Object file        =  G:\IAR projects\EndDevice_MQ-2\Projects\zstack\Sam #
#                          ples\SampleApp\CC2530DB\EndDeviceEB\Obj\SampleApp. #
#                          r51                                                #
#                                                                             #
#                                                                             #
###############################################################################

G:\IAR projects\EndDevice_MQ-2\Projects\zstack\Samples\SampleApp\Source\SampleApp.c
      1          /**************************************************************************************************
      2            Filename:       SampleApp.c
      3            Revised:        $Date: 2009-03-18 15:56:27 -0700 (Wed, 18 Mar 2009) $
      4            Revision:       $Revision: 19453 $
      5          
      6            Description:    Sample Application (no Profile).
      7          
      8          
      9            Copyright 2007 Texas Instruments Incorporated. All rights reserved.
     10          
     11            IMPORTANT: Your use of this Software is limited to those specific rights
     12            granted under the terms of a software license agreement between the user
     13            who downloaded the software, his/her employer (which must be your employer)
     14            and Texas Instruments Incorporated (the "License").  You may not use this
     15            Software unless you agree to abide by the terms of the License. The License
     16            limits your use, and you acknowledge, that the Software may not be modified,
     17            copied or distributed unless embedded on a Texas Instruments microcontroller
     18            or used solely and exclusively in conjunction with a Texas Instruments radio
     19            frequency transceiver, which is integrated into your product.  Other than for
     20            the foregoing purpose, you may not use, reproduce, copy, prepare derivative
     21            works of, modify, distribute, perform, display or sell this Software and/or
     22            its documentation for any purpose.
     23          
     24            YOU FURTHER ACKNOWLEDGE AND AGREE THAT THE SOFTWARE AND DOCUMENTATION ARE
     25            PROVIDED 揂S IS?WITHOUT WARRANTY OF ANY KIND, EITHER EXPRESS OR IMPLIED,
     26            INCLUDING WITHOUT LIMITATION, ANY WARRANTY OF MERCHANTABILITY, TITLE,
     27            NON-INFRINGEMENT AND FITNESS FOR A PARTICULAR PURPOSE. IN NO EVENT SHALL
     28            TEXAS INSTRUMENTS OR ITS LICENSORS BE LIABLE OR OBLIGATED UNDER CONTRACT,
     29            NEGLIGENCE, STRICT LIABILITY, CONTRIBUTION, BREACH OF WARRANTY, OR OTHER
     30            LEGAL EQUITABLE THEORY ANY DIRECT OR INDIRECT DAMAGES OR EXPENSES
     31            INCLUDING BUT NOT LIMITED TO ANY INCIDENTAL, SPECIAL, INDIRECT, PUNITIVE
     32            OR CONSEQUENTIAL DAMAGES, LOST PROFITS OR LOST DATA, COST OF PROCUREMENT
     33            OF SUBSTITUTE GOODS, TECHNOLOGY, SERVICES, OR ANY CLAIMS BY THIRD PARTIES
     34            (INCLUDING BUT NOT LIMITED TO ANY DEFENSE THEREOF), OR OTHER SIMILAR COSTS.
     35          
     36            Should you have any questions regarding your right to use this Software,
     37            contact Texas Instruments Incorporated at www.TI.com.
     38          **************************************************************************************************/
     39          
     40          /*********************************************************************
     41            This application isn't intended to do anything useful, it is
     42            intended to be a simple example of an application's structure.
     43          
     44            This application sends it's messages either as broadcast or
     45            broadcast filtered group messages.  The other (more normal)
     46            message addressing is unicast.  Most of the other sample
     47            applications are written to support the unicast message model.
     48          
     49            Key control:
     50              SW1:  Sends a flash command to all devices in Group 1.
     51              SW2:  Adds/Removes (toggles) this device in and out
     52                    of Group 1.  This will enable and disable the
     53                    reception of the flash command.
     54          *********************************************************************/
     55          
     56          /*********************************************************************
     57           * INCLUDES
     58           */
     59          #include "OSAL.h"
     60          #include "ZGlobals.h"
     61          #include "AF.h"
     62          #include "aps_groups.h"
     63          #include "ZDApp.h"
     64          
     65          #include "SampleApp.h"
     66          #include "SampleAppHw.h"
     67          
     68          #include "OnBoard.h"

   \                                 In  segment SFR_AN, at 0xa0
   \   union <unnamed> volatile __sfr _A_P2
   \                     _A_P2:
   \   000000                DS 1

   \                                 In  segment SFR_AN, at 0xf5
   \   unsigned char volatile __sfr P2SEL
   \                     P2SEL:
   \   000000                DS 1

   \                                 In  segment SFR_AN, at 0xf7
   \   unsigned char volatile __sfr P2INP
   \                     P2INP:
   \   000000                DS 1

   \                                 In  segment SFR_AN, at 0xff
   \   unsigned char volatile __sfr P2DIR
   \                     P2DIR:
   \   000000                DS 1
     69          
     70          /* HAL */
     71          #include "hal_lcd.h"
     72          #include "hal_led.h"
     73          #include "hal_key.h"
     74          
     75          #include  "MT_UART.h" //此处用于串口
     76          
     77          //烟雾传感器IO定义
     78          #define AIR P2_0 //P2.0
     79          
     80          /*********************************************************************
     81           * MACROS
     82           */
     83          
     84          /*********************************************************************
     85           * CONSTANTS
     86           */
     87          
     88          /*********************************************************************
     89           * TYPEDEFS
     90           */
     91          
     92          /*********************************************************************
     93           * GLOBAL VARIABLES
     94           */
     95          
     96          // This list should be filled with Application specific Cluster IDs.

   \                                 In  segment XDATA_ROM_C, align 1
     97          const cId_t SampleApp_ClusterList[SAMPLEAPP_MAX_CLUSTERS] =
   \                     SampleApp_ClusterList:
   \   000000   0100         DW 1
   \   000002   0200         DW 2
   \   000004   0000         DW 0
     98          {
     99            SAMPLEAPP_PERIODIC_CLUSTERID,
    100            SAMPLEAPP_FLASH_CLUSTERID
    101          };
    102          

   \                                 In  segment XDATA_ROM_C, align 1
    103          const SimpleDescriptionFormat_t SampleApp_SimpleDesc =
   \                     SampleApp_SimpleDesc:
   \   000000   14           DB 20
   \   000001   080F         DW 3848
   \   000003   0100         DW 1
   \   000005   00           DB 0
   \   000006   03           DB 3
   \   000007   ....         DW SampleApp_ClusterList
   \   000009   03           DB 3
   \   00000A   ....         DW SampleApp_ClusterList
    104          {
    105            SAMPLEAPP_ENDPOINT,              //  int Endpoint;
    106            SAMPLEAPP_PROFID,                //  uint16 AppProfId[2];
    107            SAMPLEAPP_DEVICEID,              //  uint16 AppDeviceId[2];
    108            SAMPLEAPP_DEVICE_VERSION,        //  int   AppDevVer:4;
    109            SAMPLEAPP_FLAGS,                 //  int   AppFlags:4;
    110            SAMPLEAPP_MAX_CLUSTERS,          //  uint8  AppNumInClusters;
    111            (cId_t *)SampleApp_ClusterList,  //  uint8 *pAppInClusterList;
    112            SAMPLEAPP_MAX_CLUSTERS,          //  uint8  AppNumInClusters;
    113            (cId_t *)SampleApp_ClusterList   //  uint8 *pAppInClusterList;
    114          };
    115          
    116          // This is the Endpoint/Interface description.  It is defined here, but
    117          // filled-in in SampleApp_Init().  Another way to go would be to fill
    118          // in the structure here and make it a "const" (in code space).  The
    119          // way it's defined in this sample app it is define in RAM.

   \                                 In  segment XDATA_Z, align 1, keep-with-next
    120          endPointDesc_t SampleApp_epDesc;
   \                     SampleApp_epDesc:
   \   000000                DS 6
   \   000006                REQUIRE __INIT_XDATA_Z
    121          
    122          /*********************************************************************
    123           * EXTERNAL VARIABLES
    124           */
    125          
    126          /*********************************************************************
    127           * EXTERNAL FUNCTIONS
    128           */
    129          
    130          /*********************************************************************
    131           * LOCAL VARIABLES
    132           */

   \                                 In  segment XDATA_Z, align 1, keep-with-next
    133          uint8 SampleApp_TaskID;   // Task ID for internal task/event processing
   \                     SampleApp_TaskID:
   \   000000                DS 1
   \   000001                REQUIRE __INIT_XDATA_Z
    134                                    // This variable will be received when
    135                                    // SampleApp_Init() is called.

   \                                 In  segment XDATA_Z, align 1, keep-with-next
    136          devStates_t SampleApp_NwkState;
   \                     SampleApp_NwkState:
   \   000000                DS 1
   \   000001                REQUIRE __INIT_XDATA_Z
    137          

   \                                 In  segment XDATA_Z, align 1, keep-with-next
    138          uint8 SampleApp_TransID;  // This is the unique message ID (counter)
   \                     SampleApp_TransID:
   \   000000                DS 1
   \   000001                REQUIRE __INIT_XDATA_Z
    139          

   \                                 In  segment XDATA_Z, align 1, keep-with-next
    140          afAddrType_t SampleApp_Periodic_DstAddr;
   \                     SampleApp_Periodic_DstAddr:
   \   000000                DS 12
   \   00000C                REQUIRE __INIT_XDATA_Z

   \                                 In  segment XDATA_Z, align 1, keep-with-next
    141          afAddrType_t SampleApp_Flash_DstAddr;
   \                     SampleApp_Flash_DstAddr:
   \   000000                DS 12
   \   00000C                REQUIRE __INIT_XDATA_Z
    142          

   \                                 In  segment XDATA_Z, align 1, keep-with-next
    143          afAddrType_t Point_To_Point_DstAddr;//网蜂点对点通信定义
   \                     Point_To_Point_DstAddr:
   \   000000                DS 12
   \   00000C                REQUIRE __INIT_XDATA_Z
    144          

   \                                 In  segment XDATA_Z, align 1, keep-with-next
    145          aps_Group_t SampleApp_Group;
   \                     SampleApp_Group:
   \   000000                DS 18
   \   000012                REQUIRE __INIT_XDATA_Z
    146          

   \                                 In  segment XDATA_Z, align 1, keep-with-next
    147          uint8 SampleAppPeriodicCounter = 0;
   \                     SampleAppPeriodicCounter:
   \   000000                DS 1
   \   000001                REQUIRE __INIT_XDATA_Z

   \                                 In  segment XDATA_Z, align 1, keep-with-next
    148          uint8 SampleAppFlashCounter = 0;
   \                     SampleAppFlashCounter:
   \   000000                DS 1
   \   000001                REQUIRE __INIT_XDATA_Z
    149          
    150          /*********************************************************************
    151           * LOCAL FUNCTIONS
    152           */
    153          void SampleApp_HandleKeys( uint8 shift, uint8 keys );
    154          void SampleApp_MessageMSGCB( afIncomingMSGPacket_t *pckt );
    155          void SampleApp_SendPeriodicMessage( void );
    156          void SampleApp_SendFlashMessage( uint16 flashTime );
    157          void SampleApp_SendPointToPointMessage(void );
    158          
    159          /*********************************************************************
    160           * NETWORK LAYER CALLBACKS
    161           */
    162          
    163          /*********************************************************************
    164           * PUBLIC FUNCTIONS
    165           */
    166          
    167          /*********************************************************************
    168           * @fn      SampleApp_Init
    169           *
    170           * @brief   Initialization function for the Generic App Task.
    171           *          This is called during initialization and should contain
    172           *          any application specific initialization (ie. hardware
    173           *          initialization/setup, table initialization, power up
    174           *          notificaiton ... ).
    175           *
    176           * @param   task_id - the ID assigned by OSAL.  This ID should be
    177           *                    used to send messages and set timers.
    178           *
    179           * @return  none
    180           */

   \                                 In  segment BANKED_CODE, align 1, keep-with-next
    181          void SampleApp_Init( uint8 task_id )
   \                     SampleApp_Init:
    182          {
   \   000000   74F5         MOV     A,#-0xb
   \   000002   12....       LCALL   ?BANKED_ENTER_XDATA
   \   000005                ; Saved register size: 11
   \   000005                ; Auto size: 0
   \   000005   E9           MOV     A,R1
   \   000006   FE           MOV     R6,A
    183            SampleApp_TaskID = task_id;
   \   000007   90....       MOV     DPTR,#SampleApp_TaskID
   \   00000A   F0           MOVX    @DPTR,A
    184            SampleApp_NwkState = DEV_INIT;
   \   00000B   90....       MOV     DPTR,#SampleApp_NwkState
   \   00000E   7401         MOV     A,#0x1
   \   000010   F0           MOVX    @DPTR,A
    185            SampleApp_TransID = 0;
   \   000011   90....       MOV     DPTR,#SampleApp_TransID
   \   000014   E4           CLR     A
   \   000015   F0           MOVX    @DPTR,A
    186            
    187            MT_UartInit();//串口初始化
   \   000016                ; Setup parameters for call to function MT_UartInit
   \   000016   12....       LCALL   ??MT_UartInit?relay
    188            MT_UartRegisterTaskID(task_id);//登记任务号
   \   000019                ; Setup parameters for call to function MT_UartRegisterTaskID
   \   000019   EE           MOV     A,R6
   \   00001A   F9           MOV     R1,A
   \   00001B   12....       LCALL   ??MT_UartRegisterTaskID?relay
    189            HalUARTWrite(0,"Hello World\n",12); //（串口0，'字符'，字符个数。）
   \   00001E                ; Setup parameters for call to function HalUARTWrite
   \   00001E   7C0C         MOV     R4,#0xc
   \   000020   7D00         MOV     R5,#0x0
   \   000022   7A..         MOV     R2,#`?<Constant "Hello World\\n">` & 0xff
   \   000024   7B..         MOV     R3,#(`?<Constant "Hello World\\n">` >> 8) & 0xff
   \   000026   7900         MOV     R1,#0x0
   \   000028   12....       LCALL   ??HalUARTWrite?relay
    190            
    191              /******烟雾传感器电路初始化******/
    192            P2SEL &= ~0X01;    //设置P2.0为普通IO口  
   \   00002B   53F5FE       ANL     0xf5,#0xfe
    193            P2DIR &= ~0X01;    // 在P2.0口，设置为输入模式 
   \   00002E   53FFFE       ANL     0xff,#0xfe
    194            P2INP &= ~0x01;    //打开P2.0上拉电阻
   \   000031   53F7FE       ANL     0xf7,#0xfe
    195          
    196            
    197            // Device hardware initialization can be added here or in main() (Zmain.c).
    198            // If the hardware is application specific - add it here.
    199            // If the hardware is other parts of the device add it in main().
    200          
    201           #if defined ( BUILD_ALL_DEVICES )
    202            // The "Demo" target is setup to have BUILD_ALL_DEVICES and HOLD_AUTO_START
    203            // We are looking at a jumper (defined in SampleAppHw.c) to be jumpered
    204            // together - if they are - we will start up a coordinator. Otherwise,
    205            // the device will start as a router.
    206            if ( readCoordinatorJumper() )
    207              zgDeviceLogicalType = ZG_DEVICETYPE_COORDINATOR;
    208            else
    209              zgDeviceLogicalType = ZG_DEVICETYPE_ROUTER;
    210          #endif // BUILD_ALL_DEVICES
    211          
    212          #if defined ( HOLD_AUTO_START )
    213            // HOLD_AUTO_START is a compile option that will surpress ZDApp
    214            //  from starting the device and wait for the application to
    215            //  start the device.
    216            ZDOInitDevice(0);
    217          #endif
    218          
    219            // Setup for the periodic message's destination address
    220            // Broadcast to everyone
    221            SampleApp_Periodic_DstAddr.addrMode = (afAddrMode_t)AddrBroadcast;
   \   000034   90....       MOV     DPTR,#SampleApp_Periodic_DstAddr + 8
   \   000037   740F         MOV     A,#0xf
   \   000039   F0           MOVX    @DPTR,A
    222            SampleApp_Periodic_DstAddr.endPoint = SAMPLEAPP_ENDPOINT;
   \   00003A   A3           INC     DPTR
   \   00003B   7414         MOV     A,#0x14
   \   00003D   F0           MOVX    @DPTR,A
    223            SampleApp_Periodic_DstAddr.addr.shortAddr = 0xFFFF;
   \   00003E   90....       MOV     DPTR,#SampleApp_Periodic_DstAddr
   \   000041   74FF         MOV     A,#-0x1
   \   000043   F0           MOVX    @DPTR,A
   \   000044   A3           INC     DPTR
   \   000045   F0           MOVX    @DPTR,A
    224          
    225            // Setup for the flash command's destination address - Group 1
    226            SampleApp_Flash_DstAddr.addrMode = (afAddrMode_t)afAddrGroup;
   \   000046   90....       MOV     DPTR,#SampleApp_Flash_DstAddr + 8
   \   000049   7401         MOV     A,#0x1
   \   00004B   F0           MOVX    @DPTR,A
    227            SampleApp_Flash_DstAddr.endPoint = SAMPLEAPP_ENDPOINT;
   \   00004C   A3           INC     DPTR
   \   00004D   7414         MOV     A,#0x14
   \   00004F   F0           MOVX    @DPTR,A
    228            SampleApp_Flash_DstAddr.addr.shortAddr = SAMPLEAPP_FLASH_GROUP;
   \   000050   90....       MOV     DPTR,#SampleApp_Flash_DstAddr
   \   000053   7401         MOV     A,#0x1
   \   000055   F0           MOVX    @DPTR,A
   \   000056   A3           INC     DPTR
   \   000057   E4           CLR     A
   \   000058   F0           MOVX    @DPTR,A
    229            
    230            // 网蜂点对点通讯定义
    231              Point_To_Point_DstAddr.addrMode = (afAddrMode_t)Addr16Bit;//点播
   \   000059   90....       MOV     DPTR,#Point_To_Point_DstAddr + 8
   \   00005C   7402         MOV     A,#0x2
   \   00005E   F0           MOVX    @DPTR,A
    232              Point_To_Point_DstAddr.endPoint = SAMPLEAPP_ENDPOINT;
   \   00005F   A3           INC     DPTR
   \   000060   7414         MOV     A,#0x14
   \   000062   F0           MOVX    @DPTR,A
    233              Point_To_Point_DstAddr.addr.shortAddr = 0x0000; //发给协调器
   \   000063   90....       MOV     DPTR,#Point_To_Point_DstAddr
   \   000066   E4           CLR     A
   \   000067   F0           MOVX    @DPTR,A
   \   000068   A3           INC     DPTR
   \   000069   F0           MOVX    @DPTR,A
    234          
    235          
    236            // Fill out the endpoint description.
    237            SampleApp_epDesc.endPoint = SAMPLEAPP_ENDPOINT;
   \   00006A   90....       MOV     DPTR,#SampleApp_epDesc
   \   00006D   7414         MOV     A,#0x14
   \   00006F   F0           MOVX    @DPTR,A
    238            SampleApp_epDesc.task_id = &SampleApp_TaskID;
   \   000070   A3           INC     DPTR
   \   000071   74..         MOV     A,#SampleApp_TaskID & 0xff
   \   000073   F0           MOVX    @DPTR,A
   \   000074   A3           INC     DPTR
   \   000075   74..         MOV     A,#(SampleApp_TaskID >> 8) & 0xff
   \   000077   F0           MOVX    @DPTR,A
    239            SampleApp_epDesc.simpleDesc
    240                      = (SimpleDescriptionFormat_t *)&SampleApp_SimpleDesc;
   \   000078   A3           INC     DPTR
   \   000079   74..         MOV     A,#SampleApp_SimpleDesc & 0xff
   \   00007B   F0           MOVX    @DPTR,A
   \   00007C   A3           INC     DPTR
   \   00007D   74..         MOV     A,#(SampleApp_SimpleDesc >> 8) & 0xff
   \   00007F   F0           MOVX    @DPTR,A
    241            SampleApp_epDesc.latencyReq = noLatencyReqs;
   \   000080   A3           INC     DPTR
   \   000081   E4           CLR     A
   \   000082   F0           MOVX    @DPTR,A
    242          
    243            // Register the endpoint description with the AF
    244            afRegister( &SampleApp_epDesc );
   \   000083                ; Setup parameters for call to function afRegister
   \   000083   7A..         MOV     R2,#SampleApp_epDesc & 0xff
   \   000085   7B..         MOV     R3,#(SampleApp_epDesc >> 8) & 0xff
   \   000087   12....       LCALL   ??afRegister?relay
    245          
    246            // Register for all key events - This app will handle all key events
    247            RegisterForKeys( SampleApp_TaskID );
   \   00008A                ; Setup parameters for call to function RegisterForKeys
   \   00008A   90....       MOV     DPTR,#SampleApp_TaskID
   \   00008D   E0           MOVX    A,@DPTR
   \   00008E   F9           MOV     R1,A
   \   00008F   12....       LCALL   ??RegisterForKeys?relay
    248          
    249            // By default, all devices start out in Group 1
    250            SampleApp_Group.ID = 0x0001;
   \   000092   90....       MOV     DPTR,#SampleApp_Group
   \   000095   7401         MOV     A,#0x1
   \   000097   F0           MOVX    @DPTR,A
   \   000098   A3           INC     DPTR
   \   000099   E4           CLR     A
   \   00009A   F0           MOVX    @DPTR,A
    251            osal_memcpy( SampleApp_Group.name, "Group 1", 7  );
   \   00009B                ; Setup parameters for call to function osal_memcpy
   \   00009B   75....       MOV     ?V0 + 0,#`?<Constant "Group 1">` & 0xff
   \   00009E   75....       MOV     ?V0 + 1,#(`?<Constant "Group 1">` >> 8) & 0xff
   \   0000A1   F5..         MOV     ?V0 + 2,A
   \   0000A3   78..         MOV     R0,#?V0 + 0
   \   0000A5   12....       LCALL   ?PUSH_XSTACK_I_THREE
   \   0000A8   7C07         MOV     R4,#0x7
   \   0000AA   7D00         MOV     R5,#0x0
   \   0000AC   7A..         MOV     R2,#(SampleApp_Group + 2) & 0xff
   \   0000AE   7B..         MOV     R3,#((SampleApp_Group + 2) >> 8) & 0xff
   \   0000B0   12....       LCALL   ??osal_memcpy?relay
   \   0000B3   7403         MOV     A,#0x3
   \   0000B5   12....       LCALL   ?DEALLOC_XSTACK8
    252            aps_AddGroup( SAMPLEAPP_ENDPOINT, &SampleApp_Group );
   \   0000B8                ; Setup parameters for call to function aps_AddGroup
   \   0000B8   7A..         MOV     R2,#SampleApp_Group & 0xff
   \   0000BA   7B..         MOV     R3,#(SampleApp_Group >> 8) & 0xff
   \   0000BC   7914         MOV     R1,#0x14
   \   0000BE   12....       LCALL   ??aps_AddGroup?relay
    253          
    254          #if defined ( LCD_SUPPORTED )
    255            HalLcdWriteString( "SampleApp", HAL_LCD_LINE_1 );
   \   0000C1                ; Setup parameters for call to function HalLcdWriteString
   \   0000C1   7901         MOV     R1,#0x1
   \   0000C3   7A..         MOV     R2,#`?<Constant "SampleApp">` & 0xff
   \   0000C5   7B..         MOV     R3,#(`?<Constant "SampleApp">` >> 8) & 0xff
   \   0000C7   12....       LCALL   ??HalLcdWriteString?relay
    256          #endif
    257          }
   \   0000CA   7F03         MOV     R7,#0x3
   \   0000CC   02....       LJMP    ?BANKED_LEAVE_XDATA
   \   0000CF                REQUIRE P2SEL
   \   0000CF                REQUIRE P2DIR
   \   0000CF                REQUIRE P2INP
    258          
    259          /*********************************************************************
    260           * @fn      SampleApp_ProcessEvent
    261           *
    262           * @brief   Generic Application Task event processor.  This function
    263           *          is called to process all events for the task.  Events
    264           *          include timers, messages and any other user defined events.
    265           *
    266           * @param   task_id  - The OSAL assigned task ID.
    267           * @param   events - events to process.  This is a bit map and can
    268           *                   contain more than one event.
    269           *
    270           * @return  none
    271           */

   \                                 In  segment BANKED_CODE, align 1, keep-with-next
    272          uint16 SampleApp_ProcessEvent( uint8 task_id, uint16 events )
   \                     SampleApp_ProcessEvent:
    273          {
   \   000000   74F4         MOV     A,#-0xc
   \   000002   12....       LCALL   ?BANKED_ENTER_XDATA
   \   000005                ; Saved register size: 12
   \   000005                ; Auto size: 0
   \   000005   EA           MOV     A,R2
   \   000006   FE           MOV     R6,A
   \   000007   EB           MOV     A,R3
   \   000008   FF           MOV     R7,A
    274            afIncomingMSGPacket_t *MSGpkt;
    275            (void)task_id;  // Intentionally unreferenced parameter
    276          
    277            if ( events & SYS_EVENT_MSG )
   \   000009   5480         ANL     A,#0x80
   \   00000B   6074         JZ      ??SampleApp_ProcessEvent_0
    278            {
    279              MSGpkt = (afIncomingMSGPacket_t *)osal_msg_receive( SampleApp_TaskID );
   \   00000D                ; Setup parameters for call to function osal_msg_receive
   \   00000D   8026         SJMP    ??SampleApp_ProcessEvent_1
    280              while ( MSGpkt )
    281              {
    282                switch ( MSGpkt->hdr.event )
    283                {
    284                  // Received when a key is pressed
    285                  case KEY_CHANGE:
    286                    SampleApp_HandleKeys( ((keyChange_t *)MSGpkt)->state, ((keyChange_t *)MSGpkt)->keys );
    287                    break;
    288          
    289                  // Received when a messages is received (OTA) for this endpoint
    290                  case AF_INCOMING_MSG_CMD:
    291                    SampleApp_MessageMSGCB( MSGpkt );
    292                    break;
    293          
    294                  // Received whenever the device changes state in the network
    295                  case ZDO_STATE_CHANGE:
    296                    SampleApp_NwkState = (devStates_t)(MSGpkt->hdr.status);
   \                     ??SampleApp_ProcessEvent_2:
   \   00000F   A3           INC     DPTR
   \   000010   E0           MOVX    A,@DPTR
   \   000011   90....       MOV     DPTR,#SampleApp_NwkState
   \   000014   F0           MOVX    @DPTR,A
    297                    if ( //(SampleApp_NwkState == DEV_ZB_COORD)|| //协调器不给自己点播
    298                         (SampleApp_NwkState == DEV_ROUTER)
    299                        || (SampleApp_NwkState == DEV_END_DEVICE) )
   \   000015   6407         XRL     A,#0x7
   \   000017   6005         JZ      ??SampleApp_ProcessEvent_3
   \   000019   E0           MOVX    A,@DPTR
   \   00001A   6406         XRL     A,#0x6
   \   00001C   7010         JNZ     ??SampleApp_ProcessEvent_4
    300                    {
    301                      // Start sending the periodic message in a regular interval.
    302                      osal_start_timerEx( SampleApp_TaskID,
    303                                        SAMPLEAPP_SEND_PERIODIC_MSG_EVT,
    304                                        SAMPLEAPP_SEND_PERIODIC_MSG_TIMEOUT );
   \                     ??SampleApp_ProcessEvent_3:
   \   00001E                ; Setup parameters for call to function osal_start_timerEx
   \   00001E   7CF4         MOV     R4,#-0xc
   \   000020   7D01         MOV     R5,#0x1
   \   000022   7A01         MOV     R2,#0x1
   \   000024   7B00         MOV     R3,#0x0
   \   000026   90....       MOV     DPTR,#SampleApp_TaskID
   \   000029   E0           MOVX    A,@DPTR
   \   00002A   F9           MOV     R1,A
   \   00002B   12....       LCALL   ??osal_start_timerEx?relay
    305                    }
    306                    else
    307                    {
    308                      // Device is no longer in the network
    309                    }
    310                    break;
    311          
    312                  default:
    313                    break;
    314                }
    315          
    316                // Release the memory
    317                osal_msg_deallocate( (uint8 *)MSGpkt );
   \                     ??SampleApp_ProcessEvent_4:
   \   00002E                ; Setup parameters for call to function osal_msg_deallocate
   \   00002E   AA..         MOV     R2,?V0 + 0
   \   000030   AB..         MOV     R3,?V0 + 1
   \   000032   12....       LCALL   ??osal_msg_deallocate?relay
    318          
    319                // Next - if one is available
    320                MSGpkt = (afIncomingMSGPacket_t *)osal_msg_receive( SampleApp_TaskID );
   \   000035                ; Setup parameters for call to function osal_msg_receive
   \                     ??SampleApp_ProcessEvent_1:
   \   000035   90....       MOV     DPTR,#SampleApp_TaskID
   \   000038   E0           MOVX    A,@DPTR
   \   000039   F9           MOV     R1,A
   \   00003A   12....       LCALL   ??osal_msg_receive?relay
   \   00003D   8A..         MOV     ?V0 + 0,R2
   \   00003F   8B..         MOV     ?V0 + 1,R3
   \   000041   E5..         MOV     A,?V0 + 0
   \   000043   45..         ORL     A,?V0 + 1
   \   000045   6032         JZ      ??SampleApp_ProcessEvent_5
   \   000047   85..82       MOV     DPL,?V0 + 0
   \   00004A   85..83       MOV     DPH,?V0 + 1
   \   00004D   E0           MOVX    A,@DPTR
   \   00004E   24E6         ADD     A,#-0x1a
   \   000050   601E         JZ      ??SampleApp_ProcessEvent_6
   \   000052   245A         ADD     A,#0x5a
   \   000054   6006         JZ      ??SampleApp_ProcessEvent_7
   \   000056   24EF         ADD     A,#-0x11
   \   000058   60B5         JZ      ??SampleApp_ProcessEvent_2
   \   00005A   80D2         SJMP    ??SampleApp_ProcessEvent_4
   \                     ??SampleApp_ProcessEvent_7:
   \   00005C                ; Setup parameters for call to function SampleApp_HandleKeys
   \   00005C   A3           INC     DPTR
   \   00005D   A3           INC     DPTR
   \   00005E   A3           INC     DPTR
   \   00005F   E0           MOVX    A,@DPTR
   \   000060   FA           MOV     R2,A
   \   000061   85..82       MOV     DPL,?V0 + 0
   \   000064   85..83       MOV     DPH,?V0 + 1
   \   000067   A3           INC     DPTR
   \   000068   A3           INC     DPTR
   \   000069   E0           MOVX    A,@DPTR
   \   00006A   F9           MOV     R1,A
   \   00006B   12....       LCALL   ??SampleApp_HandleKeys?relay
   \   00006E   80BE         SJMP    ??SampleApp_ProcessEvent_4
   \                     ??SampleApp_ProcessEvent_6:
   \   000070                ; Setup parameters for call to function SampleApp_MessageMSGCB
   \   000070   AA..         MOV     R2,?V0 + 0
   \   000072   AB..         MOV     R3,?V0 + 1
   \   000074   12....       LCALL   ??SampleApp_MessageMSGCB?relay
   \   000077   80B5         SJMP    ??SampleApp_ProcessEvent_4
    321              }
    322          
    323              // return unprocessed events
    324              return (events ^ SYS_EVENT_MSG);
   \                     ??SampleApp_ProcessEvent_5:
   \   000079   EE           MOV     A,R6
   \   00007A   FA           MOV     R2,A
   \   00007B   EF           MOV     A,R7
   \   00007C   6480         XRL     A,#0x80
   \                     ??SampleApp_ProcessEvent_8:
   \   00007E   FB           MOV     R3,A
   \   00007F   802A         SJMP    ??SampleApp_ProcessEvent_9
    325            }
    326          
    327            // Send a message out - This event is generated by a timer
    328            //  (setup in SampleApp_Init()).
    329            if ( events & SAMPLEAPP_SEND_PERIODIC_MSG_EVT )
   \                     ??SampleApp_ProcessEvent_0:
   \   000081   EE           MOV     A,R6
   \   000082   A2E0         MOV     C,0xE0 /* A   */.0
   \   000084   5021         JNC     ??SampleApp_ProcessEvent_10
    330            {
    331              // Send the periodic message
    332              //SampleApp_SendPeriodicMessage();//周期性发送函数
    333               SampleApp_SendPointToPointMessage();//此处替换成点播函数
   \   000086                ; Setup parameters for call to function SampleApp_SendPointToPointMessage
   \   000086   12....       LCALL   ??SampleApp_SendPointToPointMessage?relay
    334               
    335              // Setup to send message again in normal period (+ a little jitter)
    336              osal_start_timerEx( SampleApp_TaskID, SAMPLEAPP_SEND_PERIODIC_MSG_EVT,
    337                  (SAMPLEAPP_SEND_PERIODIC_MSG_TIMEOUT + (osal_rand() & 0x00FF)) );
   \   000089                ; Setup parameters for call to function osal_rand
   \   000089   12....       LCALL   ??osal_rand?relay
   \   00008C                ; Setup parameters for call to function osal_start_timerEx
   \   00008C   EA           MOV     A,R2
   \   00008D   24F4         ADD     A,#-0xc
   \   00008F   FC           MOV     R4,A
   \   000090   E4           CLR     A
   \   000091   3401         ADDC    A,#0x1
   \   000093   FD           MOV     R5,A
   \   000094   7A01         MOV     R2,#0x1
   \   000096   7B00         MOV     R3,#0x0
   \   000098   90....       MOV     DPTR,#SampleApp_TaskID
   \   00009B   E0           MOVX    A,@DPTR
   \   00009C   F9           MOV     R1,A
   \   00009D   12....       LCALL   ??osal_start_timerEx?relay
    338          
    339              // return unprocessed events
    340              return (events ^ SAMPLEAPP_SEND_PERIODIC_MSG_EVT);
   \   0000A0   EE           MOV     A,R6
   \   0000A1   6401         XRL     A,#0x1
   \   0000A3   FA           MOV     R2,A
   \   0000A4   EF           MOV     A,R7
   \   0000A5   80D7         SJMP    ??SampleApp_ProcessEvent_8
    341            }
    342          
    343            // Discard unknown events
    344            return 0;
   \                     ??SampleApp_ProcessEvent_10:
   \   0000A7   7A00         MOV     R2,#0x0
   \   0000A9   7B00         MOV     R3,#0x0
   \                     ??SampleApp_ProcessEvent_9:
   \   0000AB   7F04         MOV     R7,#0x4
   \   0000AD   02....       LJMP    ?BANKED_LEAVE_XDATA
    345          }
    346          
    347          /*********************************************************************
    348           * Event Generation Functions
    349           */
    350          /*********************************************************************
    351           * @fn      SampleApp_HandleKeys
    352           *
    353           * @brief   Handles all key events for this device.
    354           *
    355           * @param   shift - true if in shift/alt.
    356           * @param   keys - bit field for key events. Valid entries:
    357           *                 HAL_KEY_SW_2
    358           *                 HAL_KEY_SW_1
    359           *
    360           * @return  none
    361           */

   \                                 In  segment BANKED_CODE, align 1, keep-with-next
    362          void SampleApp_HandleKeys( uint8 shift, uint8 keys )
   \                     SampleApp_HandleKeys:
    363          {
   \   000000   74F6         MOV     A,#-0xa
   \   000002   12....       LCALL   ?BANKED_ENTER_XDATA
   \   000005                ; Saved register size: 10
   \   000005                ; Auto size: 0
   \   000005   EA           MOV     A,R2
   \   000006   FE           MOV     R6,A
    364            (void)shift;  // Intentionally unreferenced parameter
    365            
    366            if ( keys & HAL_KEY_SW_1 )
   \   000007   A2E0         MOV     C,0xE0 /* A   */.0
   \   000009   5007         JNC     ??SampleApp_HandleKeys_0
    367            {
    368              /* This key sends the Flash Command is sent to Group 1.
    369               * This device will not receive the Flash Command from this
    370               * device (even if it belongs to group 1).
    371               */
    372              SampleApp_SendFlashMessage( SAMPLEAPP_FLASH_DURATION );
   \   00000B                ; Setup parameters for call to function SampleApp_SendFlashMessage
   \   00000B   7AE8         MOV     R2,#-0x18
   \   00000D   7B03         MOV     R3,#0x3
   \   00000F   12....       LCALL   ??SampleApp_SendFlashMessage?relay
    373            }
    374          
    375            if ( keys & HAL_KEY_SW_2 )
   \                     ??SampleApp_HandleKeys_0:
   \   000012   EE           MOV     A,R6
   \   000013   A2E1         MOV     C,0xE0 /* A   */.1
   \   000015   5024         JNC     ??SampleApp_HandleKeys_1
    376            {
    377              /* The Flashr Command is sent to Group 1.
    378               * This key toggles this device in and out of group 1.
    379               * If this device doesn't belong to group 1, this application
    380               * will not receive the Flash command sent to group 1.
    381               */
    382              aps_Group_t *grp;
    383              grp = aps_FindGroup( SAMPLEAPP_ENDPOINT, SAMPLEAPP_FLASH_GROUP );
    384              if ( grp )
   \   000017                ; Setup parameters for call to function aps_FindGroup
   \   000017   7A01         MOV     R2,#0x1
   \   000019   7B00         MOV     R3,#0x0
   \   00001B   7914         MOV     R1,#0x14
   \   00001D   12....       LCALL   ??aps_FindGroup?relay
   \   000020   8B..         MOV     ?V0 + 1,R3
   \   000022   EA           MOV     A,R2
   \   000023   45..         ORL     A,?V0 + 1
   \   000025   600B         JZ      ??SampleApp_HandleKeys_2
    385              {
    386                // Remove from the group
    387                aps_RemoveGroup( SAMPLEAPP_ENDPOINT, SAMPLEAPP_FLASH_GROUP );
   \   000027                ; Setup parameters for call to function aps_RemoveGroup
   \   000027   7A01         MOV     R2,#0x1
   \   000029   7B00         MOV     R3,#0x0
   \   00002B   7914         MOV     R1,#0x14
   \   00002D   12....       LCALL   ??aps_RemoveGroup?relay
   \   000030   8009         SJMP    ??SampleApp_HandleKeys_1
    388              }
    389              else
    390              {
    391                // Add to the flash group
    392                aps_AddGroup( SAMPLEAPP_ENDPOINT, &SampleApp_Group );
   \                     ??SampleApp_HandleKeys_2:
   \   000032                ; Setup parameters for call to function aps_AddGroup
   \   000032   7A..         MOV     R2,#SampleApp_Group & 0xff
   \   000034   7B..         MOV     R3,#(SampleApp_Group >> 8) & 0xff
   \   000036   7914         MOV     R1,#0x14
   \   000038   12....       LCALL   ??aps_AddGroup?relay
    393              }
    394            }
    395          }
   \                     ??SampleApp_HandleKeys_1:
   \   00003B   02....       LJMP    ??Subroutine2_0 & 0xFFFF

   \                                 In  segment BANKED_CODE, align 1, keep-with-next
   \                     ??Subroutine2_0:
   \   000000   7F02         MOV     R7,#0x2
   \   000002   02....       LJMP    ?BANKED_LEAVE_XDATA
    396          
    397          /*********************************************************************
    398           * LOCAL FUNCTIONS
    399           */
    400          
    401          /*********************************************************************
    402           * @fn      SampleApp_MessageMSGCB
    403           *
    404           * @brief   Data message processor callback.  This function processes
    405           *          any incoming data - probably from other devices.  So, based
    406           *          on cluster ID, perform the intended action.
    407           *
    408           * @param   none
    409           *
    410           * @return  none
    411           */

   \                                 In  segment BANKED_CODE, align 1, keep-with-next
    412          void SampleApp_MessageMSGCB( afIncomingMSGPacket_t *pkt )
   \                     SampleApp_MessageMSGCB:
    413          {
   \   000000   74F6         MOV     A,#-0xa
   \   000002   12....       LCALL   ?BANKED_ENTER_XDATA
   \   000005                ; Saved register size: 10
   \   000005                ; Auto size: 0
    414            uint16 flashTime;
    415          
    416            switch ( pkt->clusterId )
   \   000005   8A82         MOV     DPL,R2
   \   000007   8B83         MOV     DPH,R3
   \   000009   A3           INC     DPTR
   \   00000A   A3           INC     DPTR
   \   00000B   A3           INC     DPTR
   \   00000C   A3           INC     DPTR
   \   00000D   E0           MOVX    A,@DPTR
   \   00000E   F5..         MOV     ?V0 + 0,A
   \   000010   A3           INC     DPTR
   \   000011   E0           MOVX    A,@DPTR
   \   000012   F5..         MOV     ?V0 + 1,A
   \   000014   78..         MOV     R0,#?V0 + 0
   \   000016   12....       LCALL   ?US_SWITCH_DENSE
   \                     `?<Jumptable for SampleApp_MessageMSGCB>_0`:
   \   000019   0200         DW        2
   \   00001B   01           DB        1
   \   00001C   ....         DW        ??SampleApp_MessageMSGCB_0
   \   00001E   ....         DW        ??SampleApp_MessageMSGCB_1
   \   000020   ....         DW        ??SampleApp_MessageMSGCB_2
    417            {
    418              case SAMPLEAPP_POINT_TO_POINT_CLUSTERID:
    419                 if(pkt->cmd.Data[0])
   \                     ??SampleApp_MessageMSGCB_2:
   \   000022   12....       LCALL   ?Subroutine1 & 0xFFFF
   \                     ??CrossCallReturnLabel_0:
   \   000025   F583         MOV     DPH,A
   \   000027   8882         MOV     DPL,R0
   \   000029   E0           MOVX    A,@DPTR
   \   00002A   600F         JZ      ??SampleApp_MessageMSGCB_3
    420                   HalUARTWrite(0,"Got bad Air\n",12);     //有烟雾
   \   00002C                ; Setup parameters for call to function HalUARTWrite
   \   00002C   7C0C         MOV     R4,#0xc
   \   00002E   7D00         MOV     R5,#0x0
   \   000030   7A..         MOV     R2,#`?<Constant "Got bad Air\\n">` & 0xff
   \   000032   7B..         MOV     R3,#(`?<Constant "Got bad Air\\n">` >> 8) & 0xff
   \                     ??SampleApp_MessageMSGCB_4:
   \   000034   7900         MOV     R1,#0x0
   \   000036   12....       LCALL   ??HalUARTWrite?relay
   \   000039   803A         SJMP    ??SampleApp_MessageMSGCB_0
    421                 else 
    422                   HalUARTWrite(0,"No bad Air\n",11);     //有烟雾     
   \                     ??SampleApp_MessageMSGCB_3:
   \   00003B                ; Setup parameters for call to function HalUARTWrite
   \   00003B   7C0B         MOV     R4,#0xb
   \   00003D   7D00         MOV     R5,#0x0
   \   00003F   7A..         MOV     R2,#`?<Constant "No bad Air\\n">` & 0xff
   \   000041   7B..         MOV     R3,#(`?<Constant "No bad Air\\n">` >> 8) & 0xff
   \   000043   80EF         SJMP    ??SampleApp_MessageMSGCB_4
    423          
    424                break;
    425          
    426              case SAMPLEAPP_FLASH_CLUSTERID:
    427                flashTime = BUILD_UINT16(pkt->cmd.Data[1], pkt->cmd.Data[2] );
    428                HalLedBlink( HAL_LED_4, 4, 50, (flashTime / 4) );
   \                     ??SampleApp_MessageMSGCB_1:
   \   000045   12....       LCALL   ?Subroutine1 & 0xFFFF
   \                     ??CrossCallReturnLabel_1:
   \   000048   F9           MOV     R1,A
   \   000049                ; Setup parameters for call to function HalLedBlink
   \   000049   8882         MOV     DPL,R0
   \   00004B   8983         MOV     DPH,R1
   \   00004D   A3           INC     DPTR
   \   00004E   E0           MOVX    A,@DPTR
   \   00004F   FA           MOV     R2,A
   \   000050   8882         MOV     DPL,R0
   \   000052   8983         MOV     DPH,R1
   \   000054   A3           INC     DPTR
   \   000055   A3           INC     DPTR
   \   000056   E0           MOVX    A,@DPTR
   \   000057   F9           MOV     R1,A
   \   000058   EA           MOV     A,R2
   \   000059   2400         ADD     A,#0x0
   \   00005B   F5..         MOV     ?V0 + 0,A
   \   00005D   E4           CLR     A
   \   00005E   39           ADDC    A,R1
   \   00005F   F5..         MOV     ?V0 + 1,A
   \   000061   7402         MOV     A,#0x2
   \   000063   78..         MOV     R0,#?V0 + 0
   \   000065   12....       LCALL   ?US_SHR
   \   000068   AC..         MOV     R4,?V0 + 0
   \   00006A   AD..         MOV     R5,?V0 + 1
   \   00006C   7B32         MOV     R3,#0x32
   \   00006E   7A04         MOV     R2,#0x4
   \   000070   7908         MOV     R1,#0x8
   \   000072   12....       LCALL   ??HalLedBlink?relay
    429                break;
    430            }
    431          }
   \                     ??SampleApp_MessageMSGCB_0:
   \   000075   02....       LJMP    ??Subroutine2_0 & 0xFFFF

   \                                 In  segment BANKED_CODE, align 1, keep-with-next
   \                     ?Subroutine1:
   \   000000   EA           MOV     A,R2
   \   000001   2422         ADD     A,#0x22
   \   000003   F582         MOV     DPL,A
   \   000005   EB           MOV     A,R3
   \   000006   3400         ADDC    A,#0x0
   \   000008   F583         MOV     DPH,A
   \   00000A   E0           MOVX    A,@DPTR
   \   00000B   F8           MOV     R0,A
   \   00000C   A3           INC     DPTR
   \   00000D   E0           MOVX    A,@DPTR
   \   00000E   22           RET
    432          
    433          /*********************************************************************
    434           * @fn      SampleApp_SendPeriodicMessage
    435           *
    436           * @brief   Send the periodic message.
    437           *
    438           * @param   none
    439           *
    440           * @return  none
    441           */

   \                                 In  segment BANKED_CODE, align 1, keep-with-next
    442          void SampleApp_SendPeriodicMessage( void )
   \                     SampleApp_SendPeriodicMessage:
    443          {
   \   000000   74F6         MOV     A,#-0xa
   \   000002   12....       LCALL   ?BANKED_ENTER_XDATA
   \   000005                ; Saved register size: 10
   \   000005                ; Auto size: 10
   \   000005   74F6         MOV     A,#-0xa
   \   000007   12....       LCALL   ?ALLOC_XSTACK8
    444            uint8 data[10]={'0','1','2','3','4','5','6','7','8','9'};//自定义数据
   \   00000A   85..82       MOV     DPL,?XSP + 0
   \   00000D   85..83       MOV     DPH,?XSP + 1
   \   000010   AC82         MOV     R4,DPL
   \   000012   AD83         MOV     R5,DPH
   \   000014   7583..       MOV     DPH,#(`?<Constant {48, 49, 50, 51, 52, 53, 54, 55, 56` >> 8) & 0xff
   \   000017   7582..       MOV     DPL,#`?<Constant {48, 49, 50, 51, 52, 53, 54, 55, 56` & 0xff
   \   00001A   740A         MOV     A,#0xa
   \   00001C   12....       LCALL   ?MOVE_LONG8_XDATA_XDATA
    445            if ( AF_DataRequest( &SampleApp_Periodic_DstAddr, &SampleApp_epDesc,
    446                                 SAMPLEAPP_PERIODIC_CLUSTERID,
    447                                 10,//字节数
    448                                 data,//指针头
    449                                 &SampleApp_TransID,
    450                                 AF_DISCV_ROUTE,
    451                                 AF_DEFAULT_RADIUS ) == afStatus_SUCCESS )
   \   00001F                ; Setup parameters for call to function AF_DataRequest
   \   00001F   75..1E       MOV     ?V0 + 0,#0x1e
   \   000022   78..         MOV     R0,#?V0 + 0
   \   000024   12....       LCALL   ?PUSH_XSTACK_I_ONE
   \   000027   75....       MOV     ?V0 + 0,#SampleApp_TransID & 0xff
   \   00002A   75....       MOV     ?V0 + 1,#(SampleApp_TransID >> 8) & 0xff
   \   00002D   78..         MOV     R0,#?V0 + 0
   \   00002F   12....       LCALL   ?PUSH_XSTACK_I_TWO
   \   000032   7403         MOV     A,#0x3
   \   000034   12....       LCALL   ?XSTACK_DISP0_8
   \   000037   8582..       MOV     ?V0 + 0,DPL
   \   00003A   8583..       MOV     ?V0 + 1,DPH
   \   00003D   78..         MOV     R0,#?V0 + 0
   \   00003F   12....       LCALL   ?PUSH_XSTACK_I_TWO
   \   000042   75..0A       MOV     ?V0 + 0,#0xa
   \   000045   75..00       MOV     ?V0 + 1,#0x0
   \   000048   78..         MOV     R0,#?V0 + 0
   \   00004A   12....       LCALL   ?PUSH_XSTACK_I_TWO
   \   00004D   75..01       MOV     ?V0 + 0,#0x1
   \   000050   78..         MOV     R0,#?V0 + 0
   \   000052   12....       LCALL   ?PUSH_XSTACK_I_TWO
   \   000055   7920         MOV     R1,#0x20
   \   000057   7C..         MOV     R4,#SampleApp_epDesc & 0xff
   \   000059   7D..         MOV     R5,#(SampleApp_epDesc >> 8) & 0xff
   \   00005B   7A..         MOV     R2,#SampleApp_Periodic_DstAddr & 0xff
   \   00005D   7B..         MOV     R3,#(SampleApp_Periodic_DstAddr >> 8) & 0xff
   \   00005F   12....       LCALL   ??AF_DataRequest?relay
   \   000062   7409         MOV     A,#0x9
   \   000064   12....       LCALL   ?DEALLOC_XSTACK8
    452            {
    453            }
    454            else
    455            {
    456              // Error occurred in request to send.
    457            }
    458          }
   \   000067   740A         MOV     A,#0xa
   \   000069   02....       LJMP    ?Subroutine0 & 0xFFFF

   \                                 In  segment BANKED_CODE, align 1, keep-with-next
   \                     ?Subroutine0:
   \   000000   12....       LCALL   ?DEALLOC_XSTACK8
   \   000003                REQUIRE ??Subroutine2_0
   \   000003                ; // Fall through to label ??Subroutine2_0
    459          
    460          /*********************************************************************
    461           * @fn      SampleApp_SendFlashMessage
    462           *
    463           * @brief   Send the flash message to group 1.
    464           *
    465           * @param   flashTime - in milliseconds
    466           *
    467           * @return  none
    468           */

   \                                 In  segment BANKED_CODE, align 1, keep-with-next
    469          void SampleApp_SendFlashMessage( uint16 flashTime )
   \                     SampleApp_SendFlashMessage:
    470          {
   \   000000   74F6         MOV     A,#-0xa
   \   000002   12....       LCALL   ?BANKED_ENTER_XDATA
   \   000005                ; Saved register size: 10
   \   000005                ; Auto size: 3
   \   000005   74FD         MOV     A,#-0x3
   \   000007   12....       LCALL   ?ALLOC_XSTACK8
    471            uint8 buffer[3];
    472            buffer[0] = (uint8)(SampleAppFlashCounter++);
   \   00000A   90....       MOV     DPTR,#SampleAppFlashCounter
   \   00000D   E0           MOVX    A,@DPTR
   \   00000E   85..82       MOV     DPL,?XSP + 0
   \   000011   85..83       MOV     DPH,?XSP + 1
   \   000014   F0           MOVX    @DPTR,A
   \   000015   90....       MOV     DPTR,#SampleAppFlashCounter
   \   000018   E0           MOVX    A,@DPTR
   \   000019   04           INC     A
   \   00001A   F0           MOVX    @DPTR,A
    473            buffer[1] = LO_UINT16( flashTime );
   \   00001B   7401         MOV     A,#0x1
   \   00001D   12....       LCALL   ?XSTACK_DISP0_8
   \   000020   EA           MOV     A,R2
   \   000021   F0           MOVX    @DPTR,A
    474            buffer[2] = HI_UINT16( flashTime );
   \   000022   7402         MOV     A,#0x2
   \   000024   12....       LCALL   ?XSTACK_DISP0_8
   \   000027   EB           MOV     A,R3
   \   000028   F0           MOVX    @DPTR,A
    475          
    476            if ( AF_DataRequest( &SampleApp_Flash_DstAddr, &SampleApp_epDesc,
    477                                 SAMPLEAPP_FLASH_CLUSTERID,
    478                                 3,
    479                                 buffer,
    480                                 &SampleApp_TransID,
    481                                 AF_DISCV_ROUTE,
    482                                 AF_DEFAULT_RADIUS ) == afStatus_SUCCESS )
   \   000029                ; Setup parameters for call to function AF_DataRequest
   \   000029   75..1E       MOV     ?V0 + 0,#0x1e
   \   00002C   78..         MOV     R0,#?V0 + 0
   \   00002E   12....       LCALL   ?PUSH_XSTACK_I_ONE
   \   000031   75....       MOV     ?V0 + 0,#SampleApp_TransID & 0xff
   \   000034   75....       MOV     ?V0 + 1,#(SampleApp_TransID >> 8) & 0xff
   \   000037   78..         MOV     R0,#?V0 + 0
   \   000039   12....       LCALL   ?PUSH_XSTACK_I_TWO
   \   00003C   7403         MOV     A,#0x3
   \   00003E   12....       LCALL   ?XSTACK_DISP0_8
   \   000041   8582..       MOV     ?V0 + 0,DPL
   \   000044   8583..       MOV     ?V0 + 1,DPH
   \   000047   78..         MOV     R0,#?V0 + 0
   \   000049   12....       LCALL   ?PUSH_XSTACK_I_TWO
   \   00004C   75..03       MOV     ?V0 + 0,#0x3
   \   00004F   75..00       MOV     ?V0 + 1,#0x0
   \   000052   78..         MOV     R0,#?V0 + 0
   \   000054   12....       LCALL   ?PUSH_XSTACK_I_TWO
   \   000057   75..02       MOV     ?V0 + 0,#0x2
   \   00005A   78..         MOV     R0,#?V0 + 0
   \   00005C   12....       LCALL   ?PUSH_XSTACK_I_TWO
   \   00005F   7920         MOV     R1,#0x20
   \   000061   7C..         MOV     R4,#SampleApp_epDesc & 0xff
   \   000063   7D..         MOV     R5,#(SampleApp_epDesc >> 8) & 0xff
   \   000065   7A..         MOV     R2,#SampleApp_Flash_DstAddr & 0xff
   \   000067   7B..         MOV     R3,#(SampleApp_Flash_DstAddr >> 8) & 0xff
   \   000069   12....       LCALL   ??AF_DataRequest?relay
   \   00006C   7409         MOV     A,#0x9
   \   00006E   12....       LCALL   ?DEALLOC_XSTACK8
    483            {
    484            }
    485            else
    486            {
    487              // Error occurred in request to send.
    488            }
    489          }
   \   000071   7403         MOV     A,#0x3
   \   000073   02....       LJMP    ?Subroutine0 & 0xFFFF
    490          
    491          /*********************************************************************
    492          *********************************************************************/

   \                                 In  segment BANKED_CODE, align 1, keep-with-next
    493          void SampleApp_SendPointToPointMessage( void )
   \                     SampleApp_SendPointToPointMessage:
    494          {
   \   000000   74F6         MOV     A,#-0xa
   \   000002   12....       LCALL   ?BANKED_ENTER_XDATA
   \   000005                ; Saved register size: 10
   \   000005                ; Auto size: 1
   \   000005   74FF         MOV     A,#-0x1
   \   000007   12....       LCALL   ?ALLOC_XSTACK8
    495            uint8 L;
    496            if(AIR==1)
   \   00000A   A2A0         MOV     C,0xa0.0
   \   00000C   85..82       MOV     DPL,?XSP + 0
   \   00000F   85..83       MOV     DPH,?XSP + 1
   \   000012   5018         JNC     ??SampleApp_SendPointToPointMessage_0
    497            { 
    498              L=1;//没烟雾
   \   000014   7401         MOV     A,#0x1
   \   000016   F0           MOVX    @DPTR,A
    499              HalUARTWrite(0,"Got bad Air\n",12);     //串口
   \   000017                ; Setup parameters for call to function HalUARTWrite
   \   000017   7C0C         MOV     R4,#0xc
   \   000019   7D00         MOV     R5,#0x0
   \   00001B   7A..         MOV     R2,#`?<Constant "Got bad Air\\n">` & 0xff
   \   00001D   7B..         MOV     R3,#(`?<Constant "Got bad Air\\n">` >> 8) & 0xff
   \   00001F   7900         MOV     R1,#0x0
   \   000021   12....       LCALL   ??HalUARTWrite?relay
    500              HalLcdWriteString( "Got bad Air", HAL_LCD_LINE_3 ); //LCD
   \   000024                ; Setup parameters for call to function HalLcdWriteString
   \   000024   7903         MOV     R1,#0x3
   \   000026   7A..         MOV     R2,#`?<Constant "Got bad Air">` & 0xff
   \   000028   7B..         MOV     R3,#(`?<Constant "Got bad Air">` >> 8) & 0xff
   \   00002A   8013         SJMP    ??SampleApp_SendPointToPointMessage_1
    501            }  
    502            else 
    503            {
    504              L=0;//有烟雾
   \                     ??SampleApp_SendPointToPointMessage_0:
   \   00002C   E4           CLR     A
   \   00002D   F0           MOVX    @DPTR,A
    505              HalUARTWrite(0,"No bad Air\n",11);       //串口
   \   00002E                ; Setup parameters for call to function HalUARTWrite
   \   00002E   7C0B         MOV     R4,#0xb
   \   000030   FD           MOV     R5,A
   \   000031   7A..         MOV     R2,#`?<Constant "No bad Air\\n">` & 0xff
   \   000033   7B..         MOV     R3,#(`?<Constant "No bad Air\\n">` >> 8) & 0xff
   \   000035   F9           MOV     R1,A
   \   000036   12....       LCALL   ??HalUARTWrite?relay
    506              HalLcdWriteString( "No bad Air", HAL_LCD_LINE_3 );//LCD
   \   000039                ; Setup parameters for call to function HalLcdWriteString
   \   000039   7903         MOV     R1,#0x3
   \   00003B   7A..         MOV     R2,#`?<Constant "No bad Air">` & 0xff
   \   00003D   7B..         MOV     R3,#(`?<Constant "No bad Air">` >> 8) & 0xff
   \                     ??SampleApp_SendPointToPointMessage_1:
   \   00003F   12....       LCALL   ??HalLcdWriteString?relay
    507            }
    508          
    509            if ( AF_DataRequest( &Point_To_Point_DstAddr,
    510                                 &SampleApp_epDesc,
    511                                 SAMPLEAPP_POINT_TO_POINT_CLUSTERID,
    512                                 1,
    513                                 &L,
    514                                 &SampleApp_TransID,
    515                                 AF_DISCV_ROUTE,
    516                                 AF_DEFAULT_RADIUS ) == afStatus_SUCCESS )
   \   000042                ; Setup parameters for call to function AF_DataRequest
   \   000042   75..1E       MOV     ?V0 + 0,#0x1e
   \   000045   78..         MOV     R0,#?V0 + 0
   \   000047   12....       LCALL   ?PUSH_XSTACK_I_ONE
   \   00004A   75....       MOV     ?V0 + 0,#SampleApp_TransID & 0xff
   \   00004D   75....       MOV     ?V0 + 1,#(SampleApp_TransID >> 8) & 0xff
   \   000050   78..         MOV     R0,#?V0 + 0
   \   000052   12....       LCALL   ?PUSH_XSTACK_I_TWO
   \   000055   7403         MOV     A,#0x3
   \   000057   12....       LCALL   ?XSTACK_DISP0_8
   \   00005A   8582..       MOV     ?V0 + 0,DPL
   \   00005D   8583..       MOV     ?V0 + 1,DPH
   \   000060   78..         MOV     R0,#?V0 + 0
   \   000062   12....       LCALL   ?PUSH_XSTACK_I_TWO
   \   000065   75..01       MOV     ?V0 + 0,#0x1
   \   000068   75..00       MOV     ?V0 + 1,#0x0
   \   00006B   78..         MOV     R0,#?V0 + 0
   \   00006D   12....       LCALL   ?PUSH_XSTACK_I_TWO
   \   000070   75..03       MOV     ?V0 + 0,#0x3
   \   000073   78..         MOV     R0,#?V0 + 0
   \   000075   12....       LCALL   ?PUSH_XSTACK_I_TWO
   \   000078   7920         MOV     R1,#0x20
   \   00007A   7C..         MOV     R4,#SampleApp_epDesc & 0xff
   \   00007C   7D..         MOV     R5,#(SampleApp_epDesc >> 8) & 0xff
   \   00007E   7A..         MOV     R2,#Point_To_Point_DstAddr & 0xff
   \   000080   7B..         MOV     R3,#(Point_To_Point_DstAddr >> 8) & 0xff
   \   000082   12....       LCALL   ??AF_DataRequest?relay
   \   000085   7409         MOV     A,#0x9
   \   000087   12....       LCALL   ?DEALLOC_XSTACK8
    517            {
    518            }
    519            else
    520            {
    521              // Error occurred in request to send.
    522            }
    523          }
   \   00008A   7401         MOV     A,#0x1
   \   00008C                REQUIRE ?Subroutine0
   \   00008C                REQUIRE _A_P2
   \   00008C                ; // Fall through to label ?Subroutine0

   \                                 In  segment BANK_RELAYS, align 1
   \                     ??SampleApp_Init?relay:
   \   000000   12....       LCALL   ?BDISPATCH
   \   000003   ......       DC24    SampleApp_Init

   \                                 In  segment BANK_RELAYS, align 1
   \                     ??SampleApp_ProcessEvent?relay:
   \   000000   12....       LCALL   ?BDISPATCH
   \   000003   ......       DC24    SampleApp_ProcessEvent

   \                                 In  segment BANK_RELAYS, align 1
   \                     ??SampleApp_HandleKeys?relay:
   \   000000   12....       LCALL   ?BDISPATCH
   \   000003   ......       DC24    SampleApp_HandleKeys

   \                                 In  segment BANK_RELAYS, align 1
   \                     ??SampleApp_MessageMSGCB?relay:
   \   000000   12....       LCALL   ?BDISPATCH
   \   000003   ......       DC24    SampleApp_MessageMSGCB

   \                                 In  segment BANK_RELAYS, align 1
   \                     ??SampleApp_SendPeriodicMessage?relay:
   \   000000   12....       LCALL   ?BDISPATCH
   \   000003   ......       DC24    SampleApp_SendPeriodicMessage

   \                                 In  segment BANK_RELAYS, align 1
   \                     ??SampleApp_SendFlashMessage?relay:
   \   000000   12....       LCALL   ?BDISPATCH
   \   000003   ......       DC24    SampleApp_SendFlashMessage

   \                                 In  segment BANK_RELAYS, align 1
   \                     ??SampleApp_SendPointToPointMessage?relay:
   \   000000   12....       LCALL   ?BDISPATCH
   \   000003   ......       DC24    SampleApp_SendPointToPointMessage

   \                                 In  segment XDATA_ROM_C, align 1
   \                     `?<Constant "Hello World\\n">`:
   \   000000   48656C6C     DB "Hello World\012"
   \            6F20576F
   \            726C640A
   \            00      

   \                                 In  segment XDATA_ROM_C, align 1
   \                     `?<Constant "Group 1">`:
   \   000000   47726F75     DB "Group 1"
   \            70203100

   \                                 In  segment XDATA_ROM_C, align 1
   \                     `?<Constant "SampleApp">`:
   \   000000   53616D70     DB "SampleApp"
   \            6C654170
   \            7000    

   \                                 In  segment XDATA_ROM_C, align 1
   \                     `?<Constant "Got bad Air\\n">`:
   \   000000   476F7420     DB "Got bad Air\012"
   \            62616420
   \            4169720A
   \            00      

   \                                 In  segment XDATA_ROM_C, align 1
   \                     `?<Constant "No bad Air\\n">`:
   \   000000   4E6F2062     DB "No bad Air\012"
   \            61642041
   \            69720A00

   \                                 In  segment XDATA_ROM_C, align 1
   \                     `?<Constant {48, 49, 50, 51, 52, 53, 54, 55, 56`:
   \   000000   30           DB 48
   \   000001   31           DB 49
   \   000002   32           DB 50
   \   000003   33           DB 51
   \   000004   34           DB 52
   \   000005   35           DB 53
   \   000006   36           DB 54
   \   000007   37           DB 55
   \   000008   38           DB 56
   \   000009   39           DB 57

   \                                 In  segment XDATA_ROM_C, align 1
   \                     `?<Constant "Got bad Air">`:
   \   000000   476F7420     DB "Got bad Air"
   \            62616420
   \            41697200

   \                                 In  segment XDATA_ROM_C, align 1
   \                     `?<Constant "No bad Air">`:
   \   000000   4E6F2062     DB "No bad Air"
   \            61642041
   \            697200  

   Maximum stack usage in bytes:

     Function                       ISTACK PSTACK XSTACK
     --------                       ------ ------ ------
     SampleApp_HandleKeys               0      0     22
       -> SampleApp_SendFlashMessage
                                        0      0     20
       -> aps_FindGroup                 0      0     20
       -> aps_RemoveGroup               0      0     20
       -> aps_AddGroup                  0      0     20
     SampleApp_Init                     0      0     14
       -> MT_UartInit                   0      0     22
       -> MT_UartRegisterTaskID         0      0     22
       -> HalUARTWrite                  0      0     22
       -> afRegister                    0      0     22
       -> RegisterForKeys               0      0     22
       -> osal_memcpy                   0      0     28
       -> aps_AddGroup                  0      0     22
       -> HalLcdWriteString             0      0     22
     SampleApp_MessageMSGCB             0      0     22
       -> HalUARTWrite                  0      0     20
       -> HalUARTWrite                  0      0     20
       -> HalLedBlink                   0      0     20
     SampleApp_ProcessEvent             0      0     12
       -> osal_msg_receive              0      0     24
       -> osal_start_timerEx            0      0     24
       -> osal_msg_deallocate           0      0     24
       -> osal_msg_receive              0      0     24
       -> SampleApp_HandleKeys          0      0     24
       -> SampleApp_MessageMSGCB        0      0     24
       -> SampleApp_SendPointToPointMessage
                                        0      0     24
       -> osal_rand                     0      0     24
       -> osal_start_timerEx            0      0     24
     SampleApp_SendFlashMessage         1      0     32
       -> AF_DataRequest                0      0     44
     SampleApp_SendPeriodicMessage      2      0     29
       -> AF_DataRequest                0      0     58
     SampleApp_SendPointToPointMessage
                                        0      0     32
       -> HalUARTWrite                  0      0     22
       -> HalLcdWriteString             0      0     22
       -> HalUARTWrite                  0      0     22
       -> HalLcdWriteString             0      0     22
       -> AF_DataRequest                0      0     40


   Segment part sizes:

     Function/Label                                 Bytes
     --------------                                 -----
     _A_P2                                             1
     P2SEL                                             1
     P2INP                                             1
     P2DIR                                             1
     SampleApp_ClusterList                             6
     SampleApp_SimpleDesc                             12
     SampleApp_epDesc                                  6
     SampleApp_TaskID                                  1
     SampleApp_NwkState                                1
     SampleApp_TransID                                 1
     SampleApp_Periodic_DstAddr                       12
     SampleApp_Flash_DstAddr                          12
     Point_To_Point_DstAddr                           12
     SampleApp_Group                                  18
     SampleAppPeriodicCounter                          1
     SampleAppFlashCounter                             1
     SampleApp_Init                                  207
     SampleApp_ProcessEvent                          176
     SampleApp_HandleKeys                             62
     ??Subroutine2_0                                   5
     SampleApp_MessageMSGCB                          120
     ?Subroutine1                                     15
     SampleApp_SendPeriodicMessage                   108
     ?Subroutine0                                      3
     SampleApp_SendFlashMessage                      118
     SampleApp_SendPointToPointMessage
                                                     140
     ??SampleApp_Init?relay                            6
     ??SampleApp_ProcessEvent?relay                    6
     ??SampleApp_HandleKeys?relay                      6
     ??SampleApp_MessageMSGCB?relay                    6
     ??SampleApp_SendPeriodicMessage?relay             6
     ??SampleApp_SendFlashMessage?relay                6
     ??SampleApp_SendPointToPointMessage?relay         6
     ?<Constant "Hello World\n">                      13
     ?<Constant "Group 1">                             8
     ?<Constant "SampleApp">                          10
     ?<Constant "Got bad Air\n">                      13
     ?<Constant "No bad Air\n">                       12
     ?<Constant {48, 49, 50, 51, 52, 53, 54, 55, 56   10
     ?<Constant "Got bad Air">                        12
     ?<Constant "No bad Air">                         11

 
 954 bytes in segment BANKED_CODE
  42 bytes in segment BANK_RELAYS
   4 bytes in segment SFR_AN
 107 bytes in segment XDATA_ROM_C
  65 bytes in segment XDATA_Z
 
 996 bytes of CODE  memory
 107 bytes of CONST memory
   0 bytes of DATA  memory (+ 4 bytes shared)
  65 bytes of XDATA memory

Errors: none
Warnings: none
